
ART_COMPILER {
global:
    global:
        extern "C++" {
            "art::BufferedOutputStream::BufferedOutputStream(std::__1::unique_ptr<art::OutputStream, std::__1::default_delete<art::OutputStream> >)";
            "art::BufferedOutputStream::~BufferedOutputStream()";
            "art::CompiledCode::CodeDelta() const";
            "art::CompiledCode::CodeDelta(art::InstructionSet)";
            "art::CompiledMethod::ReleaseSwapAllocatedCompiledMethod(art::CompiledMethodStorage*, art::CompiledMethod*)";
            "art::CompiledMethodStorage::CompiledMethodStorage(int)";
            "art::CompiledMethodStorage::DumpMemoryUsage(std::__1::basic_ostream<char, std::__1::char_traits<char> >&, bool) const";
            "art::CompiledMethodStorage::GetThunkCode(art::linker::LinkerPatch const&, std::__1::basic_string<char, std::__1::char_traits<char>, std::__1::allocator<char> >*)";
            "art::CompiledMethodStorage::UniqueVMapTableEntries() const";
            "art::CompiledMethodStorage::~CompiledMethodStorage()";
            "art::Compiler::Create(art::CompilerOptions const&, art::CompiledMethodStorage*, art::Compiler::Kind)";
            "art::CompilerOptions::CompilerOptions()";
            "art::CompilerOptions::GetVerificationResults() const";
            "art::CompilerOptions::IsImageClass(char const*) const";
            "art::CompilerOptions::IsPreloadedClass(char const*) const";
            "art::CompilerOptions::ParseDumpInitFailures(std::__1::basic_string<char, std::__1::char_traits<char>, std::__1::allocator<char> > const&, std::__1::basic_string<char, std::__1::char_traits<char>, std::__1::allocator<char> >*)";
            "art::CompilerOptions::ParseRegisterAllocationStrategy(std::__1::basic_string<char, std::__1::char_traits<char>, std::__1::allocator<char> > const&, std::__1::basic_string<char, std::__1::char_traits<char>, std::__1::allocator<char> >*)";
            "art::CompilerOptions::ShouldCompileWithClinitCheck(art::ArtMethod*) const";
            "art::CompilerOptions::~CompilerOptions()";
            "art::CreateTrampoline32(art::InstructionSet, art::EntryPointCallingConvention, art::ThreadOffset<(art::PointerSize)4>)";
            "art::CreateTrampoline64(art::InstructionSet, art::EntryPointCallingConvention, art::ThreadOffset<(art::PointerSize)8>)";
            "art::FileOutputStream::FileOutputStream(unix_file::FdFile*)";
            "art::IntrinsicObjects::GetIntegerValueOfArrayDataOffset(art::ObjPtr<art::mirror::ObjectArray<art::mirror::Object> >)";
            "art::IntrinsicObjects::GetIntegerValueOfObject(art::ObjPtr<art::mirror::ObjectArray<art::mirror::Object> >, unsigned int)";
            "art::IntrinsicObjects::LookupIntegerCache(art::Thread*, art::ClassLinker*)";
            "art::VerificationResults::AddRejectedClass(art::ClassReference)";
            "art::VerificationResults::AddUncompilableMethod(art::MethodReference)";
            "art::VerificationResults::IsClassRejected(art::ClassReference) const";
            "art::VerificationResults::IsUncompilableMethod(art::MethodReference) const";
            "art::VerificationResults::VerificationResults()";
            "art::VerificationResults::~VerificationResults()";
            "art::linker::operator<<(std::__1::basic_ostream<char, std::__1::char_traits<char> >&, art::linker::LinkerPatch::Type)";
            "art::operator<<(std::__1::basic_ostream<char, std::__1::char_traits<char> >&, art::Whence const&)";
            "void art::debug::WriteDebugInfo<art::ElfTypes32>(art::ElfBuilder<art::ElfTypes32>*, art::debug::DebugInfo const&)";
            "void art::debug::WriteDebugInfo<art::ElfTypes64>(art::ElfBuilder<art::ElfTypes64>*, art::debug::DebugInfo const&)";
            art::CompiledCode::AlignCode*;
            art::debug::MakeMiniDebugInfo*;
        };

    local:
        *;
};

